// Jest Snapshot v1, https://goo.gl/fbAQLP

exports[`renders correctly 1`] = `
<Component
  style={
    Array [
      Object {
        "flex": 0,
      },
      Object {
        "alignSelf": "flex-start",
      },
      false,
      undefined,
    ]
  }
/>
`;
