// Jest Snapshot v1, https://goo.gl/fbAQLP

exports[`renders correctly 1`] = `
<Component
  style={
    Array [
      Object {
        "padding": 30,
      },
      Object {
        "alignSelf": "flex-start",
      },
    ]
  }
/>
`;
