// Jest Snapshot v1, https://goo.gl/fbAQLP

exports[`renders correctly 1`] = `
<Component
  style={
    Array [
      Object {
        "color": "#767676",
        "fontSize": 24,
      },
      undefined,
    ]
  }
>
  SubHeader
</Component>
`;
