// Jest Snapshot v1, https://goo.gl/fbAQLP

exports[`renders correctly 1`] = `
<Component
  style={
    Object {
      "alignItems": "center",
      "justifyContent": "center",
    }
  }
>
  <Component
    animating={true}
    color="black"
    hidesWhenStopped={true}
    size="small"
  />
</Component>
`;
