// Jest Snapshot v1, https://goo.gl/fbAQLP

exports[`renders correctly 1`] = `
<Flag
  code=""
  size={32}
  type="flat"
/>
`;
